
Attaching...
[+] HL detection verifier attached @ 0x7bfda0db64 (read-only)
[*] Play a chart with single + chord holds (incl. hold+drag, hold+hold same time). Watch for MISMATCH.
[MAR AL00::gadget ]-> [hl-verify #1] t=2.4000000953674316 chord=true loc=above[0] A(read-native)=true B(floorPos)=false C(realTime)=false A==C:false [A!=B] <<< MISMATCH (cumMismatchAC=1)
[hl-verify #2] t=2.700000047683716 chord=true loc=above[0] A(read-native)=true B(floorPos)=false C(realTime)=false A==C:false [A!=B] <<< MISMATCH (cumMismatchAC=2)
[hl-verify #3] t=3 chord=true loc=above[0] A(read-native)=true B(floorPos)=false C(realTime)=false A==C:false [A!=B] <<< MISMATCH (cumMismatchAC=3)
[hl-verify #4] t=3.299999952316284 chord=true loc=above[0] A(read-native)=true B(floorPos)=false C(realTime)=false A==C:false [A!=B] <<< MISMATCH (cumMismatchAC=4)
[hl-verify #5] t=3.5999999046325684 chord=true loc=above[1] A(read-native)=true B(floorPos)=false C(realTime)=false A==C:false [A!=B] <<< MISMATCH (cumMismatchAC=5)
[hl-verify #6] t=3.9000000953674316 chord=true loc=above[1] A(read-native)=true B(floorPos)=false C(realTime)=false A==C:false [A!=B] <<< MISMATCH (cumMismatchAC=6)
[hl-verify #7] t=4.199999809265137 chord=true loc=above[1] A(read-native)=true B(floorPos)=false C(realTime)=false A==C:false [A!=B] <<< MISMATCH (cumMismatchAC=7)
[hl-verify #8] t=4.5 chord=true loc=above[1] A(read-native)=true B(floorPos)=false C(realTime)=false A==C:false [A!=B] <<< MISMATCH (cumMismatchAC=8)
[hl-verify #9] t=4.800000190734863 chord=true loc=above[2] A(read-native)=true B(floorPos)=false C(realTime)=false A==C:false [A!=B] <<< MISMATCH (cumMismatchAC=9)
[hl-verify #10] t=5.099999904632568 chord=true loc=above[2] A(read-native)=true B(floorPos)=false C(realTime)=false A==C:false [A!=B] <<< MISMATCH (cumMismatchAC=10)
[hl-verify #11] t=5.400000095367432 chord=true loc=above[2] A(read-native)=true B(floorPos)=false C(realTime)=false A==C:false [A!=B] <<< MISMATCH (cumMismatchAC=11)
[hl-verify #12] t=5.699999809265137 chord=true loc=above[2] A(read-native)=true B(floorPos)=false C(realTime)=false A==C:false [A!=B] <<< MISMATCH (cumMismatchAC=12)
[hl-verify #13] t=6 chord=true loc=above[12] A(read-native)=true B(floorPos)=true C(realTime)=true A==C:true (cumMismatchAC=12)
[hl-verify #14] t=6 chord=true loc=above[13] A(read-native)=true B(floorPos)=true C(realTime)=true A==C:true (cumMismatchAC=12)
[hl-verify #15] t=7.199999809265137 chord=true loc=above[14] A(read-native)=true B(floorPos)=true C(realTime)=true A==C:true (cumMismatchAC=12)
[hl-verify #16] t=7.5 chord=true loc=above[17] A(read-native)=true B(floorPos)=true C(realTime)=true A==C:true (cumMismatchAC=12)
[hl-verify #17] t=7.800000190734863 chord=true loc=above[20] A(read-native)=true B(floorPos)=true C(realTime)=true A==C:true (cumMismatchAC=12)
[hl-verify #18] t=8.100000381469727 chord=true loc=above[22] A(read-native)=true B(floorPos)=true C(realTime)=true A==C:true (cumMismatchAC=12)
[hl-verify #19] t=8.399999618530273 chord=true loc=above[24] A(read-native)=true B(floorPos)=true C(realTime)=true A==C:true (cumMismatchAC=12)
[hl-verify #20] t=8.699999809265137 chord=true loc=above[27] A(read-native)=true B(floorPos)=true C(realTime)=true A==C:true (cumMismatchAC=12)
[hl-verify #21] t=9 chord=true loc=above[29] A(read-native)=true B(floorPos)=true C(realTime)=true A==C:true (cumMismatchAC=12)
[hl-verify #22] t=9.300000190734863 chord=true loc=above[32] A(read-native)=true B(floorPos)=true C(realTime)=true A==C:true (cumMismatchAC=12)
[hl-verify #23] t=9.600000381469727 chord=true loc=above[35] A(read-native)=true B(floorPos)=true C(realTime)=true A==C:true (cumMismatchAC=12)
[hl-verify #24] t=9.899999618530273 chord=true loc=above[36] A(read-native)=true B(floorPos)=true C(realTime)=true A==C:true (cumMismatchAC=12)
[hl-verify #25] t=10.199999809265137 chord=true loc=above[39] A(read-native)=true B(floorPos)=true C(realTime)=true A==C:true (cumMismatchAC=12)
[hl-verify #26] t=10.5 chord=true loc=above[43] A(read-native)=true B(floorPos)=true C(realTime)=true A==C:true (cumMismatchAC=12)
[hl-verify #27] t=10.800000190734863 chord=true loc=above[47] A(read-native)=false B(floorPos)=false C(realTime)=false A==C:true (cumMismatchAC=12)
[hl-verify #28] t=11.100000381469727 chord=true loc=above[48] A(read-native)=true B(floorPos)=true C(realTime)=true A==C:true (cumMismatchAC=12)
[hl-verify #29] t=11.100000381469727 chord=true loc=above[49] A(read-native)=true B(floorPos)=true C(realTime)=true A==C:true (cumMismatchAC=12)
[hl-verify #30] t=11.399999618530273 chord=true loc=above[54] A(read-native)=true B(floorPos)=true C(realTime)=true A==C:true (cumMismatchAC=12)
[hl-verify #31] t=11.399999618530273 chord=true loc=above[55] A(read-native)=true B(floorPos)=true C(realTime)=true A==C:true (cumMismatchAC=12)
[hl-verify #32] t=13.050000190734863 chord=true loc=above[9] A(read-native)=false B(floorPos)=false C(realTime)=false A==C:true (cumMismatchAC=12)
[hl-verify #33] t=13.5 chord=true loc=above[11] A(read-native)=false B(floorPos)=false C(realTime)=false A==C:true (cumMismatchAC=12)
[hl-verify #34] t=15.449999809265137 chord=true loc=above[22] A(read-native)=false B(floorPos)=false C(realTime)=false A==C:true (cumMismatchAC=12)
[hl-verify #35] t=15.899999618530273 chord=true loc=above[24] A(read-native)=false B(floorPos)=false C(realTime)=false A==C:true (cumMismatchAC=12)
[hl-verify #36] t=16.200000762939453 chord=true loc=above[26] A(read-native)=false B(floorPos)=false C(realTime)=false A==C:true (cumMismatchAC=12)
[hl-verify #37] t=17.25 chord=true loc=above[3] A(read-native)=false B(floorPos)=false C(realTime)=false A==C:true (cumMismatchAC=12)
[hl-verify #38] t=17.549999237060547 chord=true loc=above[4] A(read-native)=false B(floorPos)=false C(realTime)=false A==C:true (cumMismatchAC=12)
[hl-verify #39] t=17.850000381469727 chord=true loc=above[5] A(read-native)=false B(floorPos)=false C(realTime)=false A==C:true (cumMismatchAC=12)
[hl-verify #40] t=18.299999237060547 chord=true loc=above[6] A(read-native)=false B(floorPos)=false C(realTime)=false A==C:true (cumMismatchAC=12)
[hl-verify #41] t=18.75 chord=true loc=above[32] A(read-native)=false B(floorPos)=false C(realTime)=false A==C:true (cumMismatchAC=12)
[hl-verify #42] t=19.049999237060547 chord=true loc=above[34] A(read-native)=false B(floorPos)=false C(realTime)=false A==C:true (cumMismatchAC=12)
[hl-verify #43] t=19.649999618530273 chord=true loc=above[36] A(read-native)=false B(floorPos)=false C(realTime)=false A==C:true (cumMismatchAC=12)
[hl-verify #44] t=19.950000762939453 chord=true loc=above[38] A(read-native)=false B(floorPos)=false C(realTime)=false A==C:true (cumMismatchAC=12)
[hl-verify #45] t=20.25 chord=true loc=above[40] A(read-native)=false B(floorPos)=false C(realTime)=false A==C:true (cumMismatchAC=12)
[hl-verify #46] t=21 chord=true loc=above[44] A(read-native)=true B(floorPos)=true C(realTime)=true A==C:true (cumMismatchAC=12)
[hl-verify #47] t=21 chord=true loc=above[45] A(read-native)=true B(floorPos)=true C(realTime)=true A==C:true (cumMismatchAC=12)
[hl-verify #48] t=21.600000381469727 chord=true loc=above[58] A(read-native)=true B(floorPos)=true C(realTime)=true A==C:true (cumMismatchAC=12)
[hl-verify #49] t=21.899999618530273 chord=true loc=above[61] A(read-native)=false B(floorPos)=false C(realTime)=false A==C:true (cumMismatchAC=12)
[hl-verify #50] t=22.200000762939453 chord=true loc=above[63] A(read-native)=false B(floorPos)=false C(realTime)=false A==C:true (cumMismatchAC=12)
[hl-verify #51] t=22.5 chord=true loc=above[65] A(read-native)=false B(floorPos)=false C(realTime)=false A==C:true (cumMismatchAC=12)
[hl-verify #52] t=22.799999237060547 chord=true loc=above[67] A(read-native)=true B(floorPos)=true C(realTime)=true A==C:true (cumMismatchAC=12)
[hl-verify #53] t=23.100000381469727 chord=true loc=above[70] A(read-native)=false B(floorPos)=false C(realTime)=false A==C:true (cumMismatchAC=12)
[hl-verify #54] t=23.399999618530273 chord=true loc=above[72] A(read-native)=false B(floorPos)=false C(realTime)=false A==C:true (cumMismatchAC=12)
[hl-verify #55] t=23.700000762939453 chord=true loc=above[74] A(read-native)=false B(floorPos)=false C(realTime)=false A==C:true (cumMismatchAC=12)
[hl-verify #56] t=24 chord=true loc=above[76] A(read-native)=true B(floorPos)=true C(realTime)=true A==C:true (cumMismatchAC=12)
[hl-verify #57] t=24.149999618530273 chord=true loc=above[78] A(read-native)=false B(floorPos)=false C(realTime)=false A==C:true (cumMismatchAC=12)
[hl-verify #58] t=24.299999237060547 chord=true loc=above[79] A(read-native)=false B(floorPos)=false C(realTime)=false A==C:true (cumMismatchAC=12)
[hl-verify #59] t=24.600000381469727 chord=true loc=above[80] A(read-native)=false B(floorPos)=false C(realTime)=false A==C:true (cumMismatchAC=12)
[hl-verify #60] t=24.899999618530273 chord=true loc=above[82] A(read-native)=false B(floorPos)=false C(realTime)=false A==C:true (cumMismatchAC=12)
[hl-verify #61] t=25.200000762939453 chord=true loc=above[84] A(read-native)=false B(floorPos)=false C(realTime)=false A==C:true (cumMismatchAC=12)
[hl-verify #62] t=25.5 chord=true loc=above[86] A(read-native)=false B(floorPos)=false C(realTime)=false A==C:true (cumMismatchAC=12)
[hl-verify #63] t=25.799999237060547 chord=true loc=above[87] A(read-native)=false B(floorPos)=false C(realTime)=false A==C:true (cumMismatchAC=12)
[hl-verify #64] t=26.100000381469727 chord=true loc=above[89] A(read-native)=false B(floorPos)=false C(realTime)=false A==C:true (cumMismatchAC=12)
[hl-verify #65] t=26.399999618530273 chord=true loc=above[90] A(read-native)=true B(floorPos)=true C(realTime)=true A==C:true (cumMismatchAC=12)
[hl-verify #66] t=26.700000762939453 chord=true loc=above[93] A(read-native)=false B(floorPos)=false C(realTime)=false A==C:true (cumMismatchAC=12)
[hl-verify #67] t=27 chord=true loc=above[95] A(read-native)=true B(floorPos)=true C(realTime)=true A==C:true (cumMismatchAC=12)
[hl-verify #68] t=27.299999237060547 chord=true loc=above[98] A(read-native)=false B(floorPos)=false C(realTime)=false A==C:true (cumMismatchAC=12)
[hl-verify #69] t=27.600000381469727 chord=true loc=above[100] A(read-native)=false B(floorPos)=false C(realTime)=false A==C:true (cumMismatchAC=12)
[hl-verify #70] t=27.899999618530273 chord=true loc=above[102] A(read-native)=false B(floorPos)=false C(realTime)=false A==C:true (cumMismatchAC=12)
[hl-verify #71] t=28.200000762939453 chord=true loc=above[104] A(read-native)=true B(floorPos)=true C(realTime)=true A==C:true (cumMismatchAC=12)
[hl-verify #72] t=28.5 chord=true loc=above[107] A(read-native)=false B(floorPos)=false C(realTime)=false A==C:true (cumMismatchAC=12)
[hl-verify #73] t=28.799999237060547 chord=true loc=above[109] A(read-native)=false B(floorPos)=false C(realTime)=false A==C:true (cumMismatchAC=12)
[hl-verify #74] t=28.950000762939453 chord=true loc=above[110] A(read-native)=false B(floorPos)=false C(realTime)=false A==C:true (cumMismatchAC=12)
[hl-verify #75] t=29.100000381469727 chord=true loc=above[111] A(read-native)=false B(floorPos)=false C(realTime)=false A==C:true (cumMismatchAC=12)
[hl-verify #76] t=29.399999618530273 chord=true loc=above[112] A(read-native)=false B(floorPos)=false C(realTime)=false A==C:true (cumMismatchAC=12)
[hl-verify #77] t=29.700000762939453 chord=true loc=above[114] A(read-native)=false B(floorPos)=false C(realTime)=false A==C:true (cumMismatchAC=12)
[hl-verify #78] t=30 chord=true loc=above[116] A(read-native)=false B(floorPos)=false C(realTime)=false A==C:true (cumMismatchAC=12)
[hl-verify #79] t=30.299999237060547 chord=true loc=above[118] A(read-native)=false B(floorPos)=false C(realTime)=false A==C:true (cumMismatchAC=12)
[hl-verify #80] t=30.600000381469727 chord=true loc=above[120] A(read-native)=true B(floorPos)=true C(realTime)=true A==C:true (cumMismatchAC=12)
[hl-verify #81] t=30.600000381469727 chord=true loc=above[121] A(read-native)=true B(floorPos)=true C(realTime)=true A==C:true (cumMismatchAC=12)
[hl-verify #82] t=31.200000762939453 chord=true loc=above[124] A(read-native)=true B(floorPos)=false C(realTime)=false A==C:false [A!=B] <<< MISMATCH (cumMismatchAC=13)
[hl-verify #83] t=31.350000381469727 chord=true loc=above[125] A(read-native)=true B(floorPos)=false C(realTime)=false A==C:false [A!=B] <<< MISMATCH (cumMismatchAC=14)
[hl-verify #84] t=31.5 chord=true loc=above[126] A(read-native)=true B(floorPos)=false C(realTime)=false A==C:false [A!=B] <<< MISMATCH (cumMismatchAC=15)
[hl-verify #85] t=31.649999618530273 chord=true loc=above[127] A(read-native)=true B(floorPos)=false C(realTime)=false A==C:false [A!=B] <<< MISMATCH (cumMismatchAC=16)
[hl-verify #86] t=33.150001525878906 chord=true loc=above[128] A(read-native)=true B(floorPos)=false C(realTime)=false A==C:false [A!=B] <<< MISMATCH (cumMismatchAC=17)
[hl-verify #87] t=33.29999923706055 chord=true loc=above[129] A(read-native)=true B(floorPos)=false C(realTime)=false A==C:false [A!=B] <<< MISMATCH (cumMismatchAC=18)
[hl-verify #88] t=33.45000076293945 chord=true loc=above[130] A(read-native)=true B(floorPos)=false C(realTime)=false A==C:false [A!=B] <<< MISMATCH (cumMismatchAC=19)
[hl-verify #89] t=33.599998474121094 chord=true loc=above[131] A(read-native)=true B(floorPos)=false C(realTime)=false A==C:false [A!=B] <<< MISMATCH (cumMismatchAC=20)
[hl-verify #90] t=33.75 chord=true loc=above[132] A(read-native)=true B(floorPos)=false C(realTime)=false A==C:false [A!=B] <<< MISMATCH (cumMismatchAC=21)
[hl-verify #91] t=33.900001525878906 chord=true loc=above[133] A(read-native)=true B(floorPos)=false C(realTime)=false A==C:false [A!=B] <<< MISMATCH (cumMismatchAC=22)
[hl-verify #92] t=34.04999923706055 chord=true loc=above[134] A(read-native)=true B(floorPos)=false C(realTime)=false A==C:false [A!=B] <<< MISMATCH (cumMismatchAC=23)
[hl-verify #93] t=36 chord=true loc=above[50] A(read-native)=false B(floorPos)=false C(realTime)=false A==C:true (cumMismatchAC=23)
[hl-verify #94] t=36.29999923706055 chord=true loc=above[10] A(read-native)=false B(floorPos)=false C(realTime)=false A==C:true (cumMismatchAC=23)
[hl-verify #95] t=36.599998474121094 chord=true loc=above[4] A(read-native)=false B(floorPos)=false C(realTime)=false A==C:true (cumMismatchAC=23)
[hl-verify #96] t=36.900001525878906 chord=true loc=above[4] A(read-native)=false B(floorPos)=false C(realTime)=false A==C:true (cumMismatchAC=23)
[hl-verify #97] t=37.20000076293945 chord=true loc=above[51] A(read-native)=false B(floorPos)=false C(realTime)=false A==C:true (cumMismatchAC=23)
[hl-verify #98] t=37.5 chord=true loc=above[11] A(read-native)=false B(floorPos)=false C(realTime)=false A==C:true (cumMismatchAC=23)
[hl-verify #99] t=37.79999923706055 chord=true loc=above[5] A(read-native)=false B(floorPos)=false C(realTime)=false A==C:true (cumMismatchAC=23)
[hl-verify #100] t=38.099998474121094 chord=true loc=above[5] A(read-native)=false B(floorPos)=false C(realTime)=false A==C:true (cumMismatchAC=23)
[hl-verify #101] t=38.400001525878906 chord=true loc=above[52] A(read-native)=false B(floorPos)=false C(realTime)=false A==C:true (cumMismatchAC=23)
[hl-verify #102] t=38.54999923706055 chord=true loc=above[13] A(read-native)=true B(floorPos)=true C(realTime)=true A==C:true (cumMismatchAC=23)
[hl-verify #103] t=38.54999923706055 chord=true loc=above[14] A(read-native)=true B(floorPos)=true C(realTime)=true A==C:true (cumMismatchAC=23)
[hl-verify #104] t=38.70000076293945 chord=true loc=above[12] A(read-native)=true B(floorPos)=true C(realTime)=true A==C:true (cumMismatchAC=23)
[hl-verify #105] t=38.70000076293945 chord=true loc=above[13] A(read-native)=true B(floorPos)=true C(realTime)=true A==C:true (cumMismatchAC=23)
[hl-verify #106] t=38.849998474121094 chord=true loc=above[8] A(read-native)=true B(floorPos)=true C(realTime)=true A==C:true (cumMismatchAC=23)
[hl-verify #107] t=38.849998474121094 chord=true loc=above[9] A(read-native)=true B(floorPos)=true C(realTime)=true A==C:true (cumMismatchAC=23)
[hl-verify #108] t=39.599998474121094 chord=true loc=above[135] A(read-native)=false B(floorPos)=false C(realTime)=false A==C:true (cumMismatchAC=23)
[hl-verify #109] t=39.75 chord=true loc=above[136] A(read-native)=false B(floorPos)=false C(realTime)=false A==C:true (cumMismatchAC=23)
[hl-verify #110] t=39.900001525878906 chord=true loc=above[137] A(read-native)=false B(floorPos)=false C(realTime)=false A==C:true (cumMismatchAC=23)
[hl-verify #111] t=40.04999923706055 chord=true loc=above[138] A(read-native)=false B(floorPos)=false C(realTime)=false A==C:true (cumMismatchAC=23)
[hl-verify #112] t=41.099998474121094 chord=true loc=above[15] A(read-native)=true B(floorPos)=false C(realTime)=false A==C:false [A!=B] <<< MISMATCH (cumMismatchAC=24)
[hl-verify #113] t=40.79999923706055 chord=true loc=above[53] A(read-native)=true B(floorPos)=false C(realTime)=false A==C:false [A!=B] <<< MISMATCH (cumMismatchAC=25)
[hl-verify #114] t=41.400001525878906 chord=true loc=above[14] A(read-native)=true B(floorPos)=false C(realTime)=false A==C:false [A!=B] <<< MISMATCH (cumMismatchAC=26)
[hl-verify #115] t=41.70000076293945 chord=true loc=above[10] A(read-native)=true B(floorPos)=false C(realTime)=false A==C:false [A!=B] <<< MISMATCH (cumMismatchAC=27)
[hl-verify #116] t=42 chord=true loc=above[54] A(read-native)=true B(floorPos)=false C(realTime)=false A==C:false [A!=B] <<< MISMATCH (cumMismatchAC=28)
[hl-verify #117] t=42.29999923706055 chord=true loc=above[16] A(read-native)=true B(floorPos)=false C(realTime)=false A==C:false [A!=B] <<< MISMATCH (cumMismatchAC=29)
[hl-verify #118] t=42.599998474121094 chord=true loc=above[15] A(read-native)=true B(floorPos)=false C(realTime)=false A==C:false [A!=B] <<< MISMATCH (cumMismatchAC=30)
[hl-verify #119] t=42.900001525878906 chord=true loc=above[11] A(read-native)=true B(floorPos)=false C(realTime)=false A==C:false [A!=B] <<< MISMATCH (cumMismatchAC=31)
[hl-verify #120] t=43.20000076293945 chord=true loc=above[55] A(read-native)=true B(floorPos)=false C(realTime)=false A==C:false [A!=B] <<< MISMATCH (cumMismatchAC=32)
[hl-verify #121] t=43.5 chord=true loc=above[17] A(read-native)=true B(floorPos)=false C(realTime)=false A==C:false [A!=B] <<< MISMATCH (cumMismatchAC=33)
[hl-verify #122] t=43.79999923706055 chord=true loc=above[16] A(read-native)=true B(floorPos)=false C(realTime)=false A==C:false [A!=B] <<< MISMATCH (cumMismatchAC=34)
[hl-verify #123] t=44.099998474121094 chord=true loc=above[12] A(read-native)=true B(floorPos)=false C(realTime)=false A==C:false [A!=B] <<< MISMATCH (cumMismatchAC=35)
[hl-verify #124] t=44.400001525878906 chord=true loc=above[153] A(read-native)=true B(floorPos)=true C(realTime)=true A==C:true (cumMismatchAC=35)
[hl-verify #125] t=44.70000076293945 chord=true loc=above[156] A(read-native)=true B(floorPos)=true C(realTime)=true A==C:true (cumMismatchAC=35)
[hl-verify #126] t=45 chord=true loc=above[159] A(read-native)=true B(floorPos)=true C(realTime)=true A==C:true (cumMismatchAC=35)
[hl-verify #127] t=45.29999923706055 chord=true loc=above[161] A(read-native)=true B(floorPos)=true C(realTime)=true A==C:true (cumMismatchAC=35)
[hl-verify #128] t=45.599998474121094 chord=true loc=above[56] A(read-native)=true B(floorPos)=false C(realTime)=false A==C:false [A!=B] <<< MISMATCH (cumMismatchAC=36)
[hl-verify #129] t=45.900001525878906 chord=true loc=above[18] A(read-native)=true B(floorPos)=false C(realTime)=false A==C:false [A!=B] <<< MISMATCH (cumMismatchAC=37)
[hl-verify #130] t=46.20000076293945 chord=true loc=above[17] A(read-native)=true B(floorPos)=false C(realTime)=false A==C:false [A!=B] <<< MISMATCH (cumMismatchAC=38)
[hl-verify #131] t=46.5 chord=true loc=above[13] A(read-native)=true B(floorPos)=false C(realTime)=false A==C:false [A!=B] <<< MISMATCH (cumMismatchAC=39)
[hl-verify #132] t=46.79999923706055 chord=true loc=above[57] A(read-native)=true B(floorPos)=false C(realTime)=false A==C:false [A!=B] <<< MISMATCH (cumMismatchAC=40)
[hl-verify #133] t=47.099998474121094 chord=true loc=above[19] A(read-native)=true B(floorPos)=false C(realTime)=false A==C:false [A!=B] <<< MISMATCH (cumMismatchAC=41)
[hl-verify #134] t=47.400001525878906 chord=true loc=above[18] A(read-native)=true B(floorPos)=false C(realTime)=false A==C:false [A!=B] <<< MISMATCH (cumMismatchAC=42)
[hl-verify #135] t=47.70000076293945 chord=true loc=above[14] A(read-native)=true B(floorPos)=false C(realTime)=false A==C:false [A!=B] <<< MISMATCH (cumMismatchAC=43)
[hl-verify #136] t=48 chord=true loc=above[58] A(read-native)=true B(floorPos)=false C(realTime)=false A==C:false [A!=B] <<< MISMATCH (cumMismatchAC=44)
[hl-verify #137] t=48.29999923706055 chord=true loc=above[20] A(read-native)=true B(floorPos)=false C(realTime)=false A==C:false [A!=B] <<< MISMATCH (cumMismatchAC=45)
[hl-verify #138] t=48.599998474121094 chord=true loc=above[19] A(read-native)=true B(floorPos)=false C(realTime)=false A==C:false [A!=B] <<< MISMATCH (cumMismatchAC=46)
[hl-verify #139] t=48.900001525878906 chord=true loc=above[15] A(read-native)=true B(floorPos)=false C(realTime)=false A==C:false [A!=B] <<< MISMATCH (cumMismatchAC=47)
[hl-verify #140] t=49.20000076293945 chord=true loc=above[177] A(read-native)=true B(floorPos)=true C(realTime)=true A==C:true (cumMismatchAC=47)
[hl-verify #141] t=49.20000076293945 chord=true loc=above[178] A(read-native)=true B(floorPos)=true C(realTime)=true A==C:true (cumMismatchAC=47)
[hl-verify #142] t=49.349998474121094 chord=true loc=above[179] A(read-native)=true B(floorPos)=true C(realTime)=true A==C:true (cumMismatchAC=47)
[hl-verify #143] t=49.349998474121094 chord=true loc=above[180] A(read-native)=true B(floorPos)=true C(realTime)=true A==C:true (cumMismatchAC=47)
[hl-verify #144] t=50.400001525878906 chord=true loc=above[183] A(read-native)=true B(floorPos)=true C(realTime)=true A==C:true (cumMismatchAC=47)
[hl-verify #145] t=50.400001525878906 chord=true loc=above[184] A(read-native)=true B(floorPos)=true C(realTime)=true A==C:true (cumMismatchAC=47)
[hl-verify #146] t=51 chord=true loc=above[187] A(read-native)=true B(floorPos)=true C(realTime)=true A==C:true (cumMismatchAC=47)
[hl-verify #147] t=51.29999923706055 chord=true loc=above[189] A(read-native)=true B(floorPos)=true C(realTime)=true A==C:true (cumMismatchAC=47)
[hl-verify #148] t=51.599998474121094 chord=true loc=above[193] A(read-native)=true B(floorPos)=true C(realTime)=true A==C:true (cumMismatchAC=47)
[hl-verify #149] t=51.900001525878906 chord=true loc=above[196] A(read-native)=true B(floorPos)=true C(realTime)=true A==C:true (cumMismatchAC=47)
[hl-verify #150] t=53.849998474121094 chord=true loc=above[215] A(read-native)=false B(floorPos)=false C(realTime)=false A==C:true (cumMismatchAC=47)
[hl-verify #151] t=54 chord=true loc=above[216] A(read-native)=false B(floorPos)=false C(realTime)=false A==C:true (cumMismatchAC=47)
[hl-verify #152] t=54.599998474121094 chord=true loc=above[217] A(read-native)=false B(floorPos)=false C(realTime)=false A==C:true (cumMismatchAC=47)
[hl-verify #153] t=54.75 chord=true loc=above[218] A(read-native)=true B(floorPos)=true C(realTime)=true A==C:true (cumMismatchAC=47)
[hl-verify #154] t=54.75 chord=true loc=above[219] A(read-native)=true B(floorPos)=true C(realTime)=true A==C:true (cumMismatchAC=47)
[hl-verify #155] t=54.900001525878906 chord=true loc=above[220] A(read-native)=true B(floorPos)=true C(realTime)=true A==C:true (cumMismatchAC=47)
[hl-verify #156] t=54.900001525878906 chord=true loc=above[221] A(read-native)=true B(floorPos)=true C(realTime)=true A==C:true (cumMismatchAC=47)
[hl-verify #157] t=55.04999923706055 chord=true loc=above[222] A(read-native)=true B(floorPos)=true C(realTime)=true A==C:true (cumMismatchAC=47)
[hl-verify #158] t=55.04999923706055 chord=true loc=above[223] A(read-native)=true B(floorPos)=true C(realTime)=true A==C:true (cumMismatchAC=47)
[hl-verify #159] t=55.20000076293945 chord=true loc=above[224] A(read-native)=true B(floorPos)=true C(realTime)=true A==C:true (cumMismatchAC=47)
[hl-verify #160] t=55.20000076293945 chord=true loc=above[225] A(read-native)=true B(floorPos)=true C(realTime)=true A==C:true (cumMismatchAC=47)
[hl-verify #161] t=55.79999923706055 chord=true loc=above[227] A(read-native)=true B(floorPos)=true C(realTime)=true A==C:true (cumMismatchAC=47)
[hl-verify #162] t=56.099998474121094 chord=true loc=above[230] A(read-native)=true B(floorPos)=true C(realTime)=true A==C:true (cumMismatchAC=47)
[hl-verify #163] t=56.400001525878906 chord=true loc=above[233] A(read-native)=true B(floorPos)=true C(realTime)=true A==C:true (cumMismatchAC=47)
[hl-verify #164] t=56.70000076293945 chord=true loc=above[237] A(read-native)=true B(floorPos)=true C(realTime)=true A==C:true (cumMismatchAC=47)
[hl-verify #165] t=58.650001525878906 chord=true loc=above[250] A(read-native)=false B(floorPos)=false C(realTime)=false A==C:true (cumMismatchAC=47)
[hl-verify #166] t=58.79999923706055 chord=true loc=above[251] A(read-native)=false B(floorPos)=false C(realTime)=false A==C:true (cumMismatchAC=47)
[hl-verify #167] t=60 chord=true loc=above[252] A(read-native)=true B(floorPos)=true C(realTime)=true A==C:true (cumMismatchAC=47)
[hl-verify #168] t=60.29999923706055 chord=true loc=above[254] A(read-native)=true B(floorPos)=true C(realTime)=true A==C:true (cumMismatchAC=47)
[hl-verify #169] t=60.599998474121094 chord=true loc=above[257] A(read-native)=true B(floorPos)=true C(realTime)=true A==C:true (cumMismatchAC=47)
[hl-verify #170] t=60.900001525878906 chord=true loc=above[259] A(read-native)=true B(floorPos)=true C(realTime)=true A==C:true (cumMismatchAC=47)
[hl-verify #171] t=61.20000076293945 chord=true loc=above[263] A(read-native)=true B(floorPos)=true C(realTime)=true A==C:true (cumMismatchAC=47)
[hl-verify #172] t=61.5 chord=true loc=above[264] A(read-native)=true B(floorPos)=true C(realTime)=true A==C:true (cumMismatchAC=47)
[hl-verify #173] t=61.79999923706055 chord=true loc=above[267] A(read-native)=true B(floorPos)=true C(realTime)=true A==C:true (cumMismatchAC=47)
[hl-verify #174] t=62.099998474121094 chord=true loc=above[270] A(read-native)=true B(floorPos)=true C(realTime)=true A==C:true (cumMismatchAC=47)
[hl-verify #175] t=62.400001525878906 chord=true loc=above[272] A(read-native)=true B(floorPos)=true C(realTime)=true A==C:true (cumMismatchAC=47)
[hl-verify #176] t=62.70000076293945 chord=true loc=above[276] A(read-native)=true B(floorPos)=true C(realTime)=true A==C:true (cumMismatchAC=47)
[hl-verify #177] t=63 chord=true loc=above[278] A(read-native)=true B(floorPos)=true C(realTime)=true A==C:true (cumMismatchAC=47)
[hl-verify #178] t=63.29999923706055 chord=true loc=above[279] A(read-native)=true B(floorPos)=true C(realTime)=true A==C:true (cumMismatchAC=47)
[hl-verify #179] t=63.599998474121094 chord=true loc=above[284] A(read-native)=true B(floorPos)=true C(realTime)=true A==C:true (cumMismatchAC=47)
[hl-verify #180] t=64.99687194824219 chord=true loc=above[295] A(read-native)=false B(floorPos)=false C(realTime)=false A==C:true (cumMismatchAC=47)
[hl-verify #181] t=65.296875 chord=true loc=above[297] A(read-native)=false B(floorPos)=false C(realTime)=false A==C:true (cumMismatchAC=47)
[hl-verify #182] t=65.59687805175781 chord=true loc=above[299] A(read-native)=false B(floorPos)=false C(realTime)=false A==C:true (cumMismatchAC=47)
[hl-verify #183] t=65.8968734741211 chord=true loc=above[301] A(read-native)=false B(floorPos)=false C(realTime)=false A==C:true (cumMismatchAC=47)
[hl-verify #184] t=66.1968765258789 chord=true loc=above[303] A(read-native)=false B(floorPos)=false C(realTime)=false A==C:true (cumMismatchAC=47)
[hl-verify #185] t=66.49687194824219 chord=true loc=above[305] A(read-native)=false B(floorPos)=false C(realTime)=false A==C:true (cumMismatchAC=47)
[hl-verify #186] t=66.796875 chord=true loc=above[307] A(read-native)=false B(floorPos)=false C(realTime)=false A==C:true (cumMismatchAC=47)
[hl-verify #187] t=67.09687805175781 chord=true loc=above[309] A(read-native)=false B(floorPos)=false C(realTime)=false A==C:true (cumMismatchAC=47)
[hl-verify #188] t=67.3968734741211 chord=true loc=above[311] A(read-native)=false B(floorPos)=false C(realTime)=false A==C:true (cumMismatchAC=47)
[hl-verify #189] t=67.6968765258789 chord=true loc=above[313] A(read-native)=false B(floorPos)=false C(realTime)=false A==C:true (cumMismatchAC=47)
[hl-verify #190] t=67.99687194824219 chord=true loc=above[315] A(read-native)=false B(floorPos)=false C(realTime)=false A==C:true (cumMismatchAC=47)
[hl-verify #191] t=68.296875 chord=true loc=above[317] A(read-native)=false B(floorPos)=false C(realTime)=false A==C:true (cumMismatchAC=47)
[hl-verify #192] t=68.59687805175781 chord=true loc=above[319] A(read-native)=false B(floorPos)=false C(realTime)=false A==C:true (cumMismatchAC=47)
[hl-verify #193] t=69 chord=true loc=above[322] A(read-native)=false B(floorPos)=false C(realTime)=false A==C:true (cumMismatchAC=47)
[hl-verify #194] t=69.30000305175781 chord=true loc=above[323] A(read-native)=false B(floorPos)=false C(realTime)=false A==C:true (cumMismatchAC=47)
[hl-verify #195] t=69.796875 chord=true loc=above[325] A(read-native)=false B(floorPos)=false C(realTime)=false A==C:true (cumMismatchAC=47)
[hl-verify #196] t=70.09687805175781 chord=true loc=above[327] A(read-native)=false B(floorPos)=false C(realTime)=false A==C:true (cumMismatchAC=47)
[hl-verify #197] t=70.3968734741211 chord=true loc=above[329] A(read-native)=false B(floorPos)=false C(realTime)=false A==C:true (cumMismatchAC=47)
[hl-verify #198] t=70.6968765258789 chord=true loc=above[331] A(read-native)=false B(floorPos)=false C(realTime)=false A==C:true (cumMismatchAC=47)
[hl-verify #199] t=70.99687194824219 chord=true loc=above[333] A(read-native)=false B(floorPos)=false C(realTime)=false A==C:true (cumMismatchAC=47)
[hl-verify #200] t=71.296875 chord=true loc=above[335] A(read-native)=false B(floorPos)=false C(realTime)=false A==C:true (cumMismatchAC=47)